{'DetectorId': {'kAD1': 1,
                'kAD2': 2,
                'kAD3': 3,
                'kAD4': 4,
                'kAll': 8,
                'kIWS': 5,
                'kOWS': 6,
                'kRPC': 7,
                'kUnknown': 0},
 'Reactor': {'kDayaBayA': 1,
             'kDayaBayB': 2,
             'kLingAoIA': 4,
             'kLingAoIB': 8,
             'kLingAoIIA': 16,
             'kLingAoIIB': 32,
             'kUnknown': 0},
 'SimFlag': {'kData': 1, 'kMC': 2, 'kUnknown': 0},
 'Site': {'kAberdeen': 16,
          'kAll': 127,
          'kDayaBay': 1,
          'kFar': 4,
          'kLingAo': 2,
          'kMid': 8,
          'kPMTBenchTest': 64,
          'kSAB': 32,
          'kUnknown': 0}}
